[00:19:00] === Overnight run starting on device=mps ===
[00:19:00] clean config:   enabled: false           # training-time only; val stays clean for selection
[00:19:00] aug config:     enabled: true           # training-time only; val stays clean for selection
[00:19:00] >>> [1/4] CLEAN BiGRU (bigru_bridged)
[00:59:20]     bigru_bridged done (exit 0)
[00:59:20] >>> [2/4] CLEAN causal (attn_pw_1s)
[01:06:14]     attn_pw_1s done (exit 0)
[01:06:14] >>> [3/4] AUGMENTED BiGRU (bigru_augmented)
[02:34:21]     bigru_augmented done (exit 0)
[02:34:21] >>> [4/4] AUGMENTED causal (attn_augmented)
[02:57:43]     attn_augmented done (exit 0)
[02:57:43] >>> Evaluating bigru_bridged on clean test
[02:58:18]     eval bigru_bridged done (exit 0)
[02:58:18] >>> Evaluating attn_pw_1s on clean test
[02:58:26]     eval attn_pw_1s done (exit 0)
[02:58:26] >>> Evaluating bigru_augmented on clean test
[02:59:00]     eval bigru_augmented done (exit 0)
[02:59:00] >>> Evaluating attn_augmented on clean test
[02:59:08]     eval attn_augmented done (exit 0)
[02:59:08] >>> Robustness matrix: BiGRU clean vs augmented
[03:06:28]     bigru matrix done (exit 0)
[03:06:28] >>> Robustness matrix: causal clean vs augmented
[03:07:23]     causal matrix done (exit 0)
[03:07:23] === COMPLETE. Check logs/ and runs/robustness/ ===
