run attn_pw_1s  core causal_attn  label bridged
  device mps: Apple Silicon, arm64
  362,497 parameters, 673 train clips, 148 val clips
  pos_weight 0.2326 (inverse_freq), selecting on frr_at_fa (lower is better)
  first epoch took 32.1s (train 29.8s, val 2.3s); estimated total for 30 epochs 16m 04.4s
  epoch   1  train 0.0617  val 0.0485  eer  4.79%  auc 0.9865  frr@fa 15.72%  (98.7 fa/h)  29.8s+2.3s  *
  epoch   2  train 0.0426  val 0.0409  eer  3.79%  auc 0.9894  frr@fa  8.65%  (98.7 fa/h)  24.5s+1.4s  *
  epoch   3  train 0.0392  val 0.0397  eer  3.74%  auc 0.9895  frr@fa  9.78%  (96.6 fa/h)  24.6s+1.3s
  epoch   4  train 0.0362  val 0.0379  eer  3.48%  auc 0.9900  frr@fa  7.42%  (94.5 fa/h)  24.1s+1.4s  *
  epoch   5  train 0.0357  val 0.0384  eer  3.55%  auc 0.9892  frr@fa  7.44%  (96.6 fa/h)  26.6s+2.0s
  epoch   6  train 0.0338  val 0.0430  eer  3.46%  auc 0.9900  frr@fa  7.41%  (90.3 fa/h)  37.3s+2.9s  *
  epoch   7  train 0.0332  val 0.0420  eer  3.89%  auc 0.9873  frr@fa 15.76%  (98.7 fa/h)  30.1s+1.2s
  epoch   8  train 0.0303  val 0.0378  eer  3.34%  auc 0.9905  frr@fa  7.41%  (96.6 fa/h)  21.7s+1.1s  *
  epoch   9  train 0.0309  val 0.0428  eer  3.91%  auc 0.9865  frr@fa 15.74%  (96.6 fa/h)  21.3s+1.1s
  epoch  10  train 0.0268  val 0.0402  eer  3.65%  auc 0.9880  frr@fa 13.38%  (98.7 fa/h)  21.3s+1.1s
  epoch  11  train 0.0266  val 0.0443  eer  3.92%  auc 0.9865  frr@fa 16.96%  (98.7 fa/h)  21.4s+1.1s
  epoch  12  train 0.0233  val 0.0435  eer  3.75%  auc 0.9882  frr@fa 13.37%  (96.6 fa/h)  21.2s+1.1s
  epoch  13  train 0.0212  val 0.0486  eer  3.93%  auc 0.9881  frr@fa 15.74%  (98.7 fa/h)  21.6s+1.1s
  epoch  14  train 0.0188  val 0.0496  eer  3.91%  auc 0.9878  frr@fa 13.39%  (94.5 fa/h)  21.0s+1.1s
  epoch  15  train 0.0168  val 0.0545  eer  3.81%  auc 0.9886  frr@fa  9.84%  (98.7 fa/h)  21.1s+1.1s
  epoch  16  train 0.0150  val 0.0413  eer  3.39%  auc 0.9900  frr@fa  9.77%  (94.5 fa/h)  21.0s+1.1s
  early stop: no improvement in frr_at_fa for 8 epochs
  best frr_at_fa 0.0741 at epoch 8
  checkpoint runs/attn_pw_1s/best.pt

  timing on mps: Apple Silicon, arm64
    total          6m 50.9s over 16 epochs
    train          6m 28.7s (24.3s per epoch, 27.7 clips/s, 34,172 frames/s)
    validation     22.1s (1.4s per epoch, 107.0 clips/s, 123,921 frames/s)
    other          0.1s (setup, feature caching, checkpoint writes)
    timing written to runs/attn_pw_1s/timing.json
