run bigru_augmented  core bigru  label bridged
  device mps: Apple Silicon, arm64
  246,529 parameters, 673 train clips, 148 val clips
  pos_weight 0.2326 (inverse_freq), selecting on frr_at_fa (lower is better)
  first epoch took 2m 55.9s (train 2m 46.9s, val 9.0s); estimated total for 30 epochs 87m 57.6s
  epoch   1  train 0.1206  val 0.0726  eer  5.70%  auc 0.9864  frr@fa 14.52%  (88.2 fa/h)  166.9s+9.0s  *
  epoch   2  train 0.0833  val 0.0471  eer  4.18%  auc 0.9913  frr@fa  8.60%  (94.5 fa/h)  166.3s+8.3s  *
  epoch   3  train 0.0678  val 0.0357  eer  3.56%  auc 0.9929  frr@fa  7.36%  (81.9 fa/h)  166.1s+8.3s  *
  epoch   4  train 0.0588  val 0.0338  eer  3.26%  auc 0.9927  frr@fa  5.03%  (88.2 fa/h)  165.6s+8.3s  *
  epoch   5  train 0.0534  val 0.0322  eer  3.24%  auc 0.9936  frr@fa  5.02%  (98.7 fa/h)  165.7s+8.3s  *
  epoch   6  train 0.0533  val 0.0345  eer  3.20%  auc 0.9939  frr@fa  5.02%  (86.1 fa/h)  164.6s+8.3s  *
  epoch   7  train 0.0533  val 0.0327  eer  2.92%  auc 0.9944  frr@fa  4.98%  (73.5 fa/h)  165.4s+8.4s  *
  epoch   8  train 0.0487  val 0.0329  eer  2.94%  auc 0.9936  frr@fa  4.98%  (79.8 fa/h)  167.0s+8.4s
  epoch   9  train 0.0470  val 0.0332  eer  2.84%  auc 0.9938  frr@fa  4.18%  (94.5 fa/h)  166.5s+8.3s  *
  epoch  10  train 0.0473  val 0.0300  eer  2.89%  auc 0.9934  frr@fa  3.87%  (94.5 fa/h)  168.7s+8.4s  *
  epoch  11  train 0.0444  val 0.0284  eer  2.70%  auc 0.9942  frr@fa  3.84%  (84.0 fa/h)  168.4s+8.3s  *
  epoch  12  train 0.0436  val 0.0298  eer  2.74%  auc 0.9945  frr@fa  3.85%  (81.9 fa/h)  169.8s+8.5s
  epoch  13  train 0.0468  val 0.0277  eer  2.55%  auc 0.9945  frr@fa  3.80%  (71.4 fa/h)  169.0s+8.7s  *
  epoch  14  train 0.0416  val 0.0257  eer  2.34%  auc 0.9945  frr@fa  2.67%  (92.4 fa/h)  167.5s+8.6s  *
  epoch  15  train 0.0449  val 0.0280  eer  2.66%  auc 0.9942  frr@fa  3.83%  (75.6 fa/h)  169.5s+8.4s
  epoch  16  train 0.0433  val 0.0305  eer  2.88%  auc 0.9935  frr@fa  3.89%  (98.7 fa/h)  169.6s+8.3s
  epoch  17  train 0.0420  val 0.0271  eer  2.56%  auc 0.9945  frr@fa  3.80%  (73.5 fa/h)  168.5s+8.4s
  epoch  18  train 0.0401  val 0.0279  eer  2.60%  auc 0.9943  frr@fa  2.68%  (96.6 fa/h)  166.7s+8.3s
  epoch  19  train 0.0391  val 0.0254  eer  2.29%  auc 0.9942  frr@fa  2.66%  (77.7 fa/h)  165.6s+8.2s  *
  epoch  20  train 0.0403  val 0.0256  eer  2.33%  auc 0.9943  frr@fa  2.67%  (81.9 fa/h)  167.1s+8.4s
  epoch  21  train 0.0383  val 0.0258  eer  2.33%  auc 0.9941  frr@fa  2.67%  (90.3 fa/h)  169.1s+8.4s
  epoch  22  train 0.0392  val 0.0264  eer  2.41%  auc 0.9941  frr@fa  2.49%  (98.7 fa/h)  169.5s+8.4s  *
  epoch  23  train 0.0363  val 0.0266  eer  2.53%  auc 0.9942  frr@fa  2.72%  (90.3 fa/h)  167.7s+8.3s
  epoch  24  train 0.0364  val 0.0261  eer  2.42%  auc 0.9940  frr@fa  2.69%  (88.2 fa/h)  169.2s+8.4s
  epoch  25  train 0.0355  val 0.0266  eer  2.46%  auc 0.9941  frr@fa  2.55%  (92.4 fa/h)  170.3s+8.4s
  epoch  26  train 0.0368  val 0.0268  eer  2.48%  auc 0.9940  frr@fa  2.71%  (92.4 fa/h)  168.3s+8.3s
  epoch  27  train 0.0350  val 0.0258  eer  2.39%  auc 0.9940  frr@fa  2.68%  (90.3 fa/h)  168.8s+8.4s
  epoch  28  train 0.0378  val 0.0264  eer  2.45%  auc 0.9940  frr@fa  2.69%  (98.7 fa/h)  167.9s+8.3s
  epoch  29  train 0.0357  val 0.0259  eer  2.39%  auc 0.9940  frr@fa  2.68%  (92.4 fa/h)  169.2s+8.3s
  epoch  30  train 0.0352  val 0.0258  eer  2.40%  auc 0.9940  frr@fa  2.68%  (88.2 fa/h)  168.3s+8.3s
  early stop: no improvement in frr_at_fa for 8 epochs
  best frr_at_fa 0.0249 at epoch 22
  checkpoint runs/bigru_augmented/best.pt

  timing on mps: Apple Silicon, arm64
    total          88m 04.2s over 30 epochs
    train          83m 52.4s (2m 47.7s per epoch, 4.0 clips/s, 4,949 frames/s)
    validation     4m 11.5s (8.4s per epoch, 17.7 clips/s, 20,455 frames/s)
    other          0.2s (setup, feature caching, checkpoint writes)
    timing written to runs/bigru_augmented/timing.json
